usuario@DESKTOP-70HE78P MINGW64 ~/Desktop/Git_Github/prueba_mod01 (master)
$ 

usuario@DESKTOP-70HE78P MINGW64 ~/Desktop/Git_Github/prueba_mod01 (master)
$ git init
Initialized empty Git repository in C:/Users/usuario/Desktop/Git_Github/prueba_mod01/.git/

usuario@DESKTOP-70HE78P MINGW64 ~/Desktop/Git_Github/prueba_mod01 (master)
$ git add .
error: 'cv_portafolio/' does not have a commit checked out
fatal: adding files failed

usuario@DESKTOP-70HE78P MINGW64 ~/Desktop/Git_Github/prueba_mod01 (master)
$ git branch -M main

usuario@DESKTOP-70HE78P MINGW64 ~/Desktop/Git_Github/prueba_mod01 (main)
$ git commit -m " rama main"
On branch main

Initial commit

Untracked files:
  (use "git add <file>..." to include in what will be committed)
        cv_portafolio/

nothing added to commit but untracked files present (use "git add" to track)

usuario@DESKTOP-70HE78P MINGW64 ~/Desktop/Git_Github/prueba_mod01 (main)
$ git remote add git@github.com:gustavo-atton/CV-Portafolio.git
usage: git remote add [<options>] <name> <url>

    -f, --[no-]fetch      fetch the remote branches
    --[no-]tags           import all tags and associated objects when fetching
                          or do not fetch any tag at all (--no-tags)
    -t, --[no-]track <branch>
                          branch(es) to track
    -m, --[no-]master <branch>
                          master branch
    --[no-]mirror[=(push|fetch)]
                          set up remote as a mirror to push to or fetch from


usuario@DESKTOP-70HE78P MINGW64 ~/Desktop/Git_Github/prueba_mod01 (main)
$ git status
On branch main

No commits yet

Untracked files:
  (use "git add <file>..." to include in what will be committed)
        cv_portafolio/

nothing added to commit but untracked files present (use "git add" to track)

usuario@DESKTOP-70HE78P MINGW64 ~/Desktop/Git_Github/prueba_mod01 (main)
$ git add .
error: 'cv_portafolio/' does not have a commit checked out
fatal: adding files failed

usuario@DESKTOP-70HE78P MINGW64 ~/Desktop/Git_Github/prueba_mod01 (main)
$ git remote -v

usuario@DESKTOP-70HE78P MINGW64 ~/Desktop/Git_Github/prueba_mod01 (main)
$ ls
cv_portafolio/

usuario@DESKTOP-70HE78P MINGW64 ~/Desktop/Git_Github/prueba_mod01 (main)
$ cd cv_portafolio

usuario@DESKTOP-70HE78P MINGW64 ~/Desktop/Git_Github/prueba_mod01/cv_portafolio (main)
$ ls
assets/

usuario@DESKTOP-70HE78P MINGW64 ~/Desktop/Git_Github/prueba_mod01/cv_portafolio (main)
$ git init
Reinitialized existing Git repository in C:/Users/usuario/Desktop/Git_Github/prueba_mod01/cv_portafolio/.git/

usuario@DESKTOP-70HE78P MINGW64 ~/Desktop/Git_Github/prueba_mod01/cv_portafolio (main)
$ git remote add origin git@github.com:gustavo-atton/CV-Portafolio.git
error: remote origin already exists.

usuario@DESKTOP-70HE78P MINGW64 ~/Desktop/Git_Github/prueba_mod01/cv_portafolio (main)
$ git branch -M main

usuario@DESKTOP-70HE78P MINGW64 ~/Desktop/Git_Github/prueba_mod01/cv_portafolio (main)
$ git commit -m "first commit"
On branch main

Initial commit

nothing to commit (create/copy files and use "git add" to track)

usuario@DESKTOP-70HE78P MINGW64 ~/Desktop/Git_Github/prueba_mod01/cv_portafolio (main)
$ git add .

usuario@DESKTOP-70HE78P MINGW64 ~/Desktop/Git_Github/prueba_mod01/cv_portafolio (main)
$ git commit -m "first commit"
On branch main

Initial commit

nothing to commit (create/copy files and use "git add" to track)

usuario@DESKTOP-70HE78P MINGW64 ~/Desktop/Git_Github/prueba_mod01/cv_portafolio (main)
$ git status
On branch main

Initial commit

nothing to commit (create/copy files and use "git add" to track)

usuario@DESKTOP-70HE78P MINGW64 ~/Desktop/Git_Github/prueba_mod01/cv_portafolio (main)
$ git add .

usuario@DESKTOP-70HE78P MINGW64 ~/Desktop/Git_Github/prueba_mod01/cv_portafolio (main)
$ git commit -m "first commit"
On branch main

Initial commit

nothing to commit (create/copy files and use "git add" to track)

usuario@DESKTOP-70HE78P MINGW64 ~/Desktop/Git_Github/prueba_mod01/cv_portafolio (main)
$ git status
On branch main

No commits yet

nothing to commit (create/copy files and use "git add" to track)

usuario@DESKTOP-70HE78P MINGW64 ~/Desktop/Git_Github/prueba_mod01/cv_portafolio (main)
$ git push -u origin main
error: src refspec main does not match any
error: failed to push some refs to 'github.com:gustavo-atton/CV-Portafolio.git'

usuario@DESKTOP-70HE78P MINGW64 ~/Desktop/Git_Github/prueba_mod01/cv_portafolio (main)
$ git pull 
remote: Enumerating objects: 3, done.
remote: Counting objects: 100% (3/3), done.
remote: Compressing objects: 100% (2/2), done.
remote: Total 3 (delta 0), reused 0 (delta 0), pack-reused 0 (from 0)
Unpacking objects: 100% (3/3), 921 bytes | 12.00 KiB/s, done.
From github.com:gustavo-atton/CV-Portafolio
 * [new branch]      main       -> origin/main
There is no tracking information for the current branch.
Please specify which branch you want to merge with.
See git-pull(1) for details.

    git pull <remote> <branch>

If you wish to set tracking information for this branch you can do so with:

    git branch --set-upstream-to=origin/<branch> main


usuario@DESKTOP-70HE78P MINGW64 ~/Desktop/Git_Github/prueba_mod01/cv_portafolio (main)
$ git push -f origin main 
Enumerating objects: 3, done.
Counting objects: 100% (3/3), done.
Writing objects: 100% (3/3), 217 bytes | 43.00 KiB/s, done.
Total 3 (delta 0), reused 0 (delta 0), pack-reused 0 (from 0)
To github.com:gustavo-atton/CV-Portafolio.git
 + 4703127...2c221b2 main -> main (forced update)

usuario@DESKTOP-70HE78P MINGW64 ~/Desktop/Git_Github/prueba_mod01/cv_portafolio (main)
$ git add .

usuario@DESKTOP-70HE78P MINGW64 ~/Desktop/Git_Github/prueba_mod01/cv_portafolio (main)
$ git status
On branch main
nothing to commit, working tree clean

usuario@DESKTOP-70HE78P MINGW64 ~/Desktop/Git_Github/prueba_mod01/cv_portafolio (main)
$ mkdir assets

usuario@DESKTOP-70HE78P MINGW64 ~/Desktop/Git_Github/prueba_mod01/cv_portafolio (main)
$ ls
assets/  index.html

usuario@DESKTOP-70HE78P MINGW64 ~/Desktop/Git_Github/prueba_mod01/cv_portafolio (main)
$ git add .

usuario@DESKTOP-70HE78P MINGW64 ~/Desktop/Git_Github/prueba_mod01/cv_portafolio (main)
$ git status
On branch main
nothing to commit, working tree clean

usuario@DESKTOP-70HE78P MINGW64 ~/Desktop/Git_Github/prueba_mod01/cv_portafolio (main)
$ cd assets

usuario@DESKTOP-70HE78P MINGW64 ~/Desktop/Git_Github/prueba_mod01/cv_portafolio/assets (main)
$ mkdir css

usuario@DESKTOP-70HE78P MINGW64 ~/Desktop/Git_Github/prueba_mod01/cv_portafolio/assets (main)
$ ls
css/

usuario@DESKTOP-70HE78P MINGW64 ~/Desktop/Git_Github/prueba_mod01/cv_portafolio/assets (main)
$ cd css

usuario@DESKTOP-70HE78P MINGW64 ~/Desktop/Git_Github/prueba_mod01/cv_portafolio/assets/css (main)
$ touch style.css

usuario@DESKTOP-70HE78P MINGW64 ~/Desktop/Git_Github/prueba_mod01/cv_portafolio/assets/css (main)
$ git status
On branch main
Untracked files:
  (use "git add <file>..." to include in what will be committed)
        ../

nothing added to commit but untracked files present (use "git add" to track)

usuario@DESKTOP-70HE78P MINGW64 ~/Desktop/Git_Github/prueba_mod01/cv_portafolio/assets/css (main)
$ git add .

usuario@DESKTOP-70HE78P MINGW64 ~/Desktop/Git_Github/prueba_mod01/cv_portafolio/assets/css (main)
$ git status
On branch main
Changes to be committed:
  (use "git restore --staged <file>..." to unstage)
        new file:   style.css


usuario@DESKTOP-70HE78P MINGW64 ~/Desktop/Git_Github/prueba_mod01/cv_portafolio/assets/css (main)
$ git commit -m " agregar css"
[main 31e3297]  agregar css
 1 file changed, 0 insertions(+), 0 deletions(-)
 create mode 100644 assets/css/style.css

usuario@DESKTOP-70HE78P MINGW64 ~/Desktop/Git_Github/prueba_mod01/cv_portafolio/assets/css (main)
$ git push
fatal: The current branch main has no upstream branch.
To push the current branch and set the remote as upstream, use

    git push --set-upstream origin main

To have this happen automatically for branches without a tracking
upstream, see 'push.autoSetupRemote' in 'git help config'.


usuario@DESKTOP-70HE78P MINGW64 ~/Desktop/Git_Github/prueba_mod01/cv_portafolio/assets/css (main)
$ git log
$ git commit -m " agregar css"
[main 31e3297]  agregar css
 1 file changed, 0 insertions(+), 0 deletions(-)
 create mode 100644 assets/css/style.css

usuario@DESKTOP-70HE78P MINGW64 ~/Desktop/Git_Github/prueba_mod01/cv_portafolio/assets/css (main)
$ git push
fatal: The current branch main has no upstream branch.
To push the current branch and set the remote as upstream, use

    git push --set-upstream origin main

To have this happen automatically for branches without a tracking
upstream, see 'push.autoSetupRemote' in 'git help config'.


usuario@DESKTOP-70HE78P MINGW64 ~/Desktop/Git_Github/prueba_mod01/cv_portafolio/assets/css (main)
$ git log
commit 31e32976438bd9bff75b3df480ec6e517e32d568 (HEAD -> main)
Author: Gustavo.atton <gustavo.atton04@gmail.com>
Date:   Tue Oct 22 22:16:55 2024 -0300

     agregar css

commit 2c221b2d5a7e32759e816b019cc9d9302d70460f (origin/main)
Author: Gustavo.atton <gustavo.atton04@gmail.com>
Date:   Tue Oct 22 21:15:39 2024 -0300

    agregar index

usuario@DESKTOP-70HE78P MINGW64 ~/Desktop/Git_Github/prueba_mod01/cv_portafolio/assets/css (main)
$ git push -f origin main
Author: Gustavo.atton <gustavo.atton04@gmail.com>
Date:   Tue Oct 22 22:16:55 2024 -0300

     agregar css

commit 2c221b2d5a7e32759e816b019cc9d9302d70460f (origin/main)
Author: Gustavo.atton <gustavo.atton04@gmail.com>
Date:   Tue Oct 22 21:15:39 2024 -0300

    agregar index

usuario@DESKTOP-70HE78P MINGW64 ~/Desktop/Git_Github/prueba_mod01/cv_portafolio/assets/css (main)
$ git push -f origin main
$ git push -f origin main
Enumerating objects: 5, done.
Counting objects: 100% (5/5), done.
Enumerating objects: 5, done.
Counting objects: 100% (5/5), done.
Delta compression using up to 4 threads
Compressing objects: 100% (2/2), done.
Writing objects: 100% (4/4), 354 bytes | 44.00 KiB/s, done.
Total 4 (delta 0), reused 0 (delta 0), pack-reused 0 (from 0)
To github.com:gustavo-atton/CV-Portafolio.git
Compressing objects: 100% (2/2), done.
Writing objects: 100% (4/4), 354 bytes | 44.00 KiB/s, done.
Total 4 (delta 0), reused 0 (delta 0), pack-reused 0 (from 0)
To github.com:gustavo-atton/CV-Portafolio.git
Total 4 (delta 0), reused 0 (delta 0), pack-reused 0 (from 0)
To github.com:gustavo-atton/CV-Portafolio.git
To github.com:gustavo-atton/CV-Portafolio.git
   2c221b2..31e3297  main -> main

usuario@DESKTOP-70HE78P MINGW64 ~/Desktop/Git_Github/prueba_mod01/cv_portafolio/assets/css (main)
$ git status
On branch main
Changes not staged for commit:
  (use "git add <file>..." to update what will be committed)
  (use "git restore <file>..." to discard changes in working directory)
        modified:   style.css
        modified:   ../../index.html

no changes added to commit (use "git add" and/or "git commit -a")      

usuario@DESKTOP-70HE78P MINGW64 ~/Desktop/Git_Github/prueba_mod01/cv_portafolio/assets/css (main)
$ git add .

usuario@DESKTOP-70HE78P MINGW64 ~/Desktop/Git_Github/prueba_mod01/cv_portafolio/assets/css (main)
$ git commit -m " prueba de cambios en index y css "
[main cfa7e97]  prueba de cambios en index y css
 1 file changed, 2 insertions(+)

usuario@DESKTOP-70HE78P MINGW64 ~/Desktop/Git_Github/prueba_mod01/cv_portafolio/assets/css (main)
$ git status
On branch main
Changes not staged for commit:
  (use "git add <file>..." to update what will be committed)
  (use "git restore <file>..." to discard changes in working directory)
        modified:   ../../index.html

no changes added to commit (use "git add" and/or "git commit -a")

usuario@DESKTOP-70HE78P MINGW64 ~/Desktop/Git_Github/prueba_mod01/cv_portafolio/assets/css (main)
$ git add .

usuario@DESKTOP-70HE78P MINGW64 ~/Desktop/Git_Github/prueba_mod01/cv_portafolio/assets/css (main)
$ git commit -m " pruebasegunda"
On branch main
Changes not staged for commit:
  (use "git add <file>..." to update what will be committed)
  (use "git restore <file>..." to discard changes in working directory)
        modified:   ../../index.html

no changes added to commit (use "git add" and/or "git commit -a")

usuario@DESKTOP-70HE78P MINGW64 ~/Desktop/Git_Github/prueba_mod01/cv_portafolio/assets/css (main)
$ git push origin main
Enumerating objects: 9, done.
Counting objects: 100% (9/9), done.
Delta compression using up to 4 threads
Compressing objects: 100% (3/3), done.
Writing objects: 100% (5/5), 426 bytes | 85.00 KiB/s, done.
Total 5 (delta 0), reused 0 (delta 0), pack-reused 0 (from 0)
To github.com:gustavo-atton/CV-Portafolio.git
   31e3297..cfa7e97  main -> main

usuario@DESKTOP-70HE78P MINGW64 ~/Desktop/Git_Github/prueba_mod01/cv_portafolio/assets/css (main)
$ cd ..

usuario@DESKTOP-70HE78P MINGW64 ~/Desktop/Git_Github/prueba_mod01/cv_portafolio/assets (main)
$ cd ..

usuario@DESKTOP-70HE78P MINGW64 ~/Desktop/Git_Github/prueba_mod01/cv_portafolio (main)
$ git status
On branch main
Changes not staged for commit:
  (use "git add <file>..." to update what will be committed)
  (use "git restore <file>..." to discard changes in working directory)
        modified:   index.html

no changes added to commit (use "git add" and/or "git commit -a")

usuario@DESKTOP-70HE78P MINGW64 ~/Desktop/Git_Github/prueba_mod01/cv_portafolio (main)
$ git add . 

usuario@DESKTOP-70HE78P MINGW64 ~/Desktop/Git_Github/prueba_mod01/cv_portafolio (main)
$ sit status
bash: sit: command not found

usuario@DESKTOP-70HE78P MINGW64 ~/Desktop/Git_Github/prueba_mod01/cv_portafolio (main)
$ git status
On branch main
Changes to be committed:
  (use "git restore --staged <file>..." to unstage)
        modified:   index.html


usuario@DESKTOP-70HE78P MINGW64 ~/Desktop/Git_Github/prueba_mod01/cv_portafolio (main)
$ git commit -m "mod index "
[main 8faa459] mod index
 1 file changed, 16 insertions(+)

usuario@DESKTOP-70HE78P MINGW64 ~/Desktop/Git_Github/prueba_mod01/cv_portafolio (main)
$ git push origin main 
Enumerating objects: 5, done.
Counting objects: 100% (5/5), done.
Delta compression using up to 4 threads
Compressing objects: 100% (3/3), done.
Writing objects: 100% (3/3), 541 bytes | 108.00 KiB/s, done.
Total 3 (delta 0), reused 0 (delta 0), pack-reused 0 (from 0)
To github.com:gustavo-atton/CV-Portafolio.git
   cfa7e97..8faa459  main -> main

usuario@DESKTOP-70HE78P MINGW64 ~/Desktop/Git_Github/prueba_mod01/cv_portafolio (main)
$ git remote add origin https://github.com/gustavo-atton/gustavo-atton.github.io
error: remote origin already exists.

usuario@DESKTOP-70HE78P MINGW64 ~/Desktop/Git_Github/prueba_mod01/cv_portafolio (main)
$ git clone https://github.com/gustavo-atton/Gustavo-atton.github.io.git
Cloning into 'Gustavo-atton.github.io'...
remote: Enumerating objects: 3, done.
remote: Counting objects: 100% (3/3), done.
remote: Total 3 (delta 0), reused 0 (delta 0), pack-reused 0 (from 0)
Receiving objects: 100% (3/3), done.

usuario@DESKTOP-70HE78P MINGW64 ~/Desktop/Git_Github/prueba_mod01/cv_portafolio (main)
$ ls
assets/  Gustavo-atton.github.io/  index.html

usuario@DESKTOP-70HE78P MINGW64 ~/Desktop/Git_Github/prueba_mod01/cv_portafolio (main)
$ cd gustavo-atton.github.io

usuario@DESKTOP-70HE78P MINGW64 ~/Desktop/Git_Github/prueba_mod01/cv_portafolio/gustavo-atton.github.io (main)
$ echo "hola mundo" > index.html

usuario@DESKTOP-70HE78P MINGW64 ~/Desktop/Git_Github/prueba_mod01/cv_portafolio/gustavo-atton.github.io (main)
$ ls
index.html  README.md

usuario@DESKTOP-70HE78P MINGW64 ~/Desktop/Git_Github/prueba_mod01/cv_portafolio/gustavo-atton.github.io (main)
$ git add --all
warning: in the working copy of 'index.html', LF will be replaced by CRLF the next time Git touches it

usuario@DESKTOP-70HE78P MINGW64 ~/Desktop/Git_Github/prueba_mod01/cv_portafolio/gustavo-atton.github.io (main)
$ git commit -m "Configuracion Inicial GHpage "
[main 75dc236] Configuracion Inicial GHpage
 1 file changed, 1 insertion(+)
 create mode 100644 index.html

usuario@DESKTOP-70HE78P MINGW64 ~/Desktop/Git_Github/prueba_mod01/cv_portafolio/gustavo-atton.github.io (main)
$ git push -u origin main 
Enumerating objects: 4, done.
Counting objects: 100% (4/4), done.
Delta compression using up to 4 threads
Compressing objects: 100% (2/2), done.
Writing objects: 100% (3/3), 301 bytes | 60.00 KiB/s, done.
Total 3 (delta 0), reused 0 (delta 0), pack-reused 0 (from 0)
To https://github.com/gustavo-atton/Gustavo-atton.github.io.git
   d2ed80c..75dc236  main -> main
branch 'main' set up to track 'origin/main'.

usuario@DESKTOP-70HE78P MINGW64 ~/Desktop/Git_Github/prueba_mod01/cv_portafolio/gustavo-atton.github.io (main)
$ git add .
warning: in the working copy of 'index.html', LF will be replaced by CRLF the next time Git touches it

usuario@DESKTOP-70HE78P MINGW64 ~/Desktop/Git_Github/prueba_mod01/cv_portafolio/gustavo-atton.github.io (main)
$ git status
On branch main
Your branch is up to date with 'origin/main'.

Changes to be committed:
  (use "git restore --staged <file>..." to unstage)
        new file:   assets/style.css
        modified:   index.html


usuario@DESKTOP-70HE78P MINGW64 ~/Desktop/Git_Github/prueba_mod01/cv_portafolio/gustavo-atton.github.io (main)
$ git commit -m "new file modified index "
[main 5e5e506] new file modified index
 2 files changed, 18 insertions(+), 1 deletion(-)
 create mode 100644 assets/style.css

usuario@DESKTOP-70HE78P MINGW64 ~/Desktop/Git_Github/prueba_mod01/cv_portafolio/gustavo-atton.github.io (main)
$ git status
On branch main
Your branch is ahead of 'origin/main' by 1 commit.
  (use "git push" to publish your local commits)

nothing to commit, working tree clean

usuario@DESKTOP-70HE78P MINGW64 ~/Desktop/Git_Github/prueba_mod01/cv_portafolio/gustavo-atton.github.io (main)
$ git push origin main
Enumerating objects: 7, done.
Counting objects: 100% (7/7), done.
Delta compression using up to 4 threads
Compressing objects: 100% (4/4), done.
Writing objects: 100% (5/5), 689 bytes | 68.00 KiB/s, done.
Total 5 (delta 0), reused 0 (delta 0), pack-reused 0 (from 0)
To https://github.com/gustavo-atton/Gustavo-atton.github.io.git
   75dc236..5e5e506  main -> main

usuario@DESKTOP-70HE78P MINGW64 ~/Desktop/Git_Github/prueba_mod01/cv_portafolio/gustavo-atton.github.io (main)
$ git status
On branch main
Your branch is up to date with 'origin/main'.

nothing to commit, working tree clean

usuario@DESKTOP-70HE78P MINGW64 ~/Desktop/Git_Github/prueba_mod01/cv_portafolio/gustavo-atton.github.io (main)
$ git status
On branch main
Your branch is up to date with 'origin/main'.

Changes not staged for commit:
  (use "git add <file>..." to update what will be committed)
  (use "git restore <file>..." to discard changes in working directory)
        modified:   assets/style.css

no changes added to commit (use "git add" and/or "git commit -a")

usuario@DESKTOP-70HE78P MINGW64 ~/Desktop/Git_Github/prueba_mod01/cv_portafolio/gustavo-atton.github.io (main)
$ cd assets

usuario@DESKTOP-70HE78P MINGW64 ~/Desktop/Git_Github/prueba_mod01/cv_portafolio/gustavo-atton.github.io/assets (main)
$ git status
On branch main
Your branch is up to date with 'origin/main'.

Changes not staged for commit:
  (use "git add <file>..." to update what will be committed)
  (use "git restore <file>..." to discard changes in working directory)
        modified:   style.css

no changes added to commit (use "git add" and/or "git commit -a")

usuario@DESKTOP-70HE78P MINGW64 ~/Desktop/Git_Github/prueba_mod01/cv_portafolio/gustavo-atton.github.io/assets (main)
$ git add --all

usuario@DESKTOP-70HE78P MINGW64 ~/Desktop/Git_Github/prueba_mod01/cv_portafolio/gustavo-atton.github.io/assets (main)
$ git commit -m " backgroundcolor"
[main 4ab45b4]  backgroundcolor
 1 file changed, 2 insertions(+), 1 deletion(-)

usuario@DESKTOP-70HE78P MINGW64 ~/Desktop/Git_Github/prueba_mod01/cv_portafolio/gustavo-atton.github.io/assets (main)
$ git push origin main
Enumerating objects: 7, done.
Counting objects: 100% (7/7), done.
Delta compression using up to 4 threads
Compressing objects: 100% (3/3), done.
Writing objects: 100% (4/4), 425 bytes | 70.00 KiB/s, done.
Total 4 (delta 0), reused 0 (delta 0), pack-reused 0 (from 0)
To https://github.com/gustavo-atton/Gustavo-atton.github.io.git
   5e5e506..4ab45b4  main -> main

usuario@DESKTOP-70HE78P MINGW64 ~/Desktop/Git_Github/prueba_mod01/cv_portafolio/gustavo-atton.github.io/assets (main)
$ git status
On branch main
Your branch is up to date with 'origin/main'.

Changes not staged for commit:
  (use "git add/rm <file>..." to update what will be committed)        
  (use "git restore <file>..." to discard changes in working directory)
        deleted:    style.css

Untracked files:
  (use "git add <file>..." to include in what will be committed)
        ../style.css

no changes added to commit (use "git add" and/or "git commit -a")

usuario@DESKTOP-70HE78P MINGW64 ~/Desktop/Git_Github/prueba_mod01/cv_portafolio/gustavo-atton.github.io/assets (main)
$ git add .

usuario@DESKTOP-70HE78P MINGW64 ~/Desktop/Git_Github/prueba_mod01/cv_portafolio/gustavo-atton.github.io/assets (main)
$ git commit -u " a ver si lee el css "
error: pathspec ' a ver si lee el css ' did not match any file(s) known to git

usuario@DESKTOP-70HE78P MINGW64 ~/Desktop/Git_Github/prueba_mod01/cv_portafolio/gustavo-atton.github.io/assets (main)
$ git commit -m " a ver si lee el css"
[main 42e6ec0]  a ver si lee el css
 1 file changed, 3 deletions(-)
 delete mode 100644 assets/style.css

usuario@DESKTOP-70HE78P MINGW64 ~/Desktop/Git_Github/prueba_mod01/cv_portafolio/gustavo-atton.github.io/assets (main)
$ git push origin main 
To https://github.com/gustavo-atton/Gustavo-atton.github.io.git
 ! [rejected]        main -> main (fetch first)
error: failed to push some refs to 'https://github.com/gustavo-atton/Gustavo-atton.github.io.git'
hint: Updates were rejected because the remote contains work that you do not
hint: have locally. This is usually caused by another repository pushing to
hint: the same ref. If you want to integrate the remote changes, use
hint: 'git pull' before pushing again.
hint: See the 'Note about fast-forwards' in 'git push --help' for details.

usuario@DESKTOP-70HE78P MINGW64 ~/Desktop/Git_Github/prueba_mod01/cv_portafolio/gustavo-atton.github.io/assets (main)
$ git status
On branch main
Your branch is ahead of 'origin/main' by 1 commit.
  (use "git push" to publish your local commits)

Untracked files:
  (use "git add <file>..." to include in what will be committed)
        ../style.css

nothing added to commit but untracked files present (use "git add" to track)

usuario@DESKTOP-70HE78P MINGW64 ~/Desktop/Git_Github/prueba_mod01/cv_portafolio/gustavo-atton.github.io/assets (main)
$ cd ..

usuario@DESKTOP-70HE78P MINGW64 ~/Desktop/Git_Github/prueba_mod01/cv_portafolio/gustavo-atton.github.io (main)
$ git add .

usuario@DESKTOP-70HE78P MINGW64 ~/Desktop/Git_Github/prueba_mod01/cv_portafolio/gustavo-atton.github.io (main)
$ git status
On branch main
Your branch is ahead of 'origin/main' by 1 commit.
  (use "git push" to publish your local commits)

Changes to be committed:
  (use "git restore --staged <file>..." to unstage)
        new file:   style.css


usuario@DESKTOP-70HE78P MINGW64 ~/Desktop/Git_Github/prueba_mod01/cv_portafolio/gustavo-atton.github.io (main)
$ git commit -m " a ver si lee el css "
[main c76a8a1]  a ver si lee el css
 1 file changed, 3 insertions(+)
 create mode 100644 style.css

usuario@DESKTOP-70HE78P MINGW64 ~/Desktop/Git_Github/prueba_mod01/cv_portafolio/gustavo-atton.github.io (main)
$ git push origin main 
To https://github.com/gustavo-atton/Gustavo-atton.github.io.git
 ! [rejected]        main -> main (fetch first)
error: failed to push some refs to 'https://github.com/gustavo-atton/Gustavo-atton.github.io.git'
hint: Updates were rejected because the remote contains work that you do not
hint: have locally. This is usually caused by another repository pushing to
hint: the same ref. If you want to integrate the remote changes, use
hint: 'git pull' before pushing again.
hint: See the 'Note about fast-forwards' in 'git push --help' for details.

usuario@DESKTOP-70HE78P MINGW64 ~/Desktop/Git_Github/prueba_mod01/cv_portafolio/gustavo-atton.github.io (main)
$ rm style.css

usuario@DESKTOP-70HE78P MINGW64 ~/Desktop/Git_Github/prueba_mod01/cv_portafolio/gustavo-atton.github.io (main)
$ git status
On branch main
Your branch is ahead of 'origin/main' by 2 commits.
  (use "git push" to publish your local commits)

Changes not staged for commit:
  (use "git add/rm <file>..." to update what will be committed)
  (use "git restore <file>..." to discard changes in working directory)
        deleted:    style.css

no changes added to commit (use "git add" and/or "git commit -a")

usuario@DESKTOP-70HE78P MINGW64 ~/Desktop/Git_Github/prueba_mod01/cv_portafolio/gustavo-atton.github.io (main)
$ git add .

usuario@DESKTOP-70HE78P MINGW64 ~/Desktop/Git_Github/prueba_mod01/cv_portafolio/gustavo-atton.github.io (main)
$ git status
On branch main
Your branch is ahead of 'origin/main' by 2 commits.
  (use "git push" to publish your local commits)

Changes to be committed:
  (use "git restore --staged <file>..." to unstage)
        deleted:    style.css


usuario@DESKTOP-70HE78P MINGW64 ~/Desktop/Git_Github/prueba_mod01/cv_portafolio/gustavo-atton.github.io (main)
$ git push origin main 
To https://github.com/gustavo-atton/Gustavo-atton.github.io.git
 ! [rejected]        main -> main (fetch first)
error: failed to push some refs to 'https://github.com/gustavo-atton/Gustavo-atton.github.io.git'
hint: Updates were rejected because the remote contains work that you do not
hint: have locally. This is usually caused by another repository pushing to
hint: the same ref. If you want to integrate the remote changes, use
hint: 'git pull' before pushing again.
hint: See the 'Note about fast-forwards' in 'git push --help' for details.

usuario@DESKTOP-70HE78P MINGW64 ~/Desktop/Git_Github/prueba_mod01/cv_portafolio/gustavo-atton.github.io (main)
$ git pull
remote: Enumerating objects: 8, done.
remote: Counting objects: 100% (8/8), done.
remote: Compressing objects: 100% (6/6), done.
remote: Total 6 (delta 1), reused 0 (delta 0), pack-reused 0 (from 0)
Unpacking objects: 100% (6/6), 1.92 KiB | 37.00 KiB/s, done.
From https://github.com/gustavo-atton/Gustavo-atton.github.io
   4ab45b4..d3f0c17  main       -> origin/main
error: Your local changes to the following files would be overwritten by merge:
  style.css
Merge with strategy ort failed.

usuario@DESKTOP-70HE78P MINGW64 ~/Desktop/Git_Github/prueba_mod01/cv_portafolio/gustavo-atton.github.io (main)
$ touch style.css

usuario@DESKTOP-70HE78P MINGW64 ~/Desktop/Git_Github/prueba_mod01/cv_portafolio/gustavo-atton.github.io (main)
$ git status
On branch main
Your branch and 'origin/main' have diverged,
and have 2 and 2 different commits each, respectively.
  (use "git pull" if you want to integrate the remote branch with yours)

Changes to be committed:
  (use "git restore --staged <file>..." to unstage)
        deleted:    style.css

Untracked files:
  (use "git add <file>..." to include in what will be committed)
        style.css


Merge branch 'main' of https://github.com/gustavo-atton/Gustavo-atton.github.io
# Please enter a commit message to explain why this merge is necessary,
# especially if it merges an updated upstream into a topic branch.
#
# Lines starting with '#' will be ignored, and an empty message aborts
# the commit
~
~
~
~
~
~
~
~
~
~
~
~
~
~
~
.git/MERGE_MSG[+] [unix] (04:08 23/10/2024)                                                                                                                                     2,1 Tod